>> Writing logs to C:\Users\ksade\Downloads\AAASEC2\day4\work\python_install_20260812194707_17564.log
>> Python installation manager 26.3
Copyright (c) Python Software Foundation. All Rights Reserved.

>  Python install manager was successfully updated to 26.3.

Additional shebang configuration is now available. Please see
https://docs.python.org/using/windows#shebang-lines for more information.

BEGIN install_command.execute: []
>  ********************************************************************************
Reading installs from C:\Users\ksade\Downloads\AAASEC2\day4\work\Python
Found 0 installs
Calculating default install
Filtering installs by tag = 3
tag '3' matched 0 installs
default_platform '-64' matched 0 installs
Reusing unfiltered list
Searching https://www.python.org/ftp/python/index-windows.json
>> Searching for Python matching 3
Selecting package with tag=3 and platform=-64
Fetching: https://www.python.org/ftp/python/index-windows.json
winhttp_urlopen: https://www.python.org/ftp/python/index-windows.json
>> Failed to download using WinHTTP. Retrying with fallback method.
ERROR:
Traceback (most recent call last):
  File "manage\urlutils.py", line 376, in urlopen
  File "manage\urlutils.py", line 175, in _winhttp_urlopen
OSError: [WinError 10106] The requested service provider could not be loaded or initialized.

urllib download unavailable - using fallback
>> Failed to download using PowerShell. Retrying with fallback method.
ERROR:
Traceback (most recent call last):
  File "manage\pathutils.py", line 19, in __init__
AttributeError: 'NoneType' object has no attribute '__fspath__'

During handling of the above exception, another exception occurred:

Traceback (most recent call last):
  File "manage\urlutils.py", line 413, in urlopen
  File "manage\urlutils.py", line 273, in _powershell_urlopen
  File "manage\urlutils.py", line 292, in _powershell_urlretrieve
  File "manage\pathutils.py", line 21, in __init__
  File "<frozen os>", line 869, in fsdecode
TypeError: expected str, bytes or os.PathLike object, not NoneType

!! Unable to access runtimes index at https://www.python.org/ftp/python/index-windows.json: The requested service provider could not be loaded or initialized.
Capturing error in case fallbacks fail
Traceback (most recent call last):
  File "manage\install_command.py", line 888, in execute
  File "manage\install_command.py", line 392, in _find_one
  File "manage\install_command.py", line 62, in select_package
  File "manage\urlutils.py", line 775, in __next__
  File "manage\urlutils.py", line 659, in urlopen_index
  File "manage\urlutils.py", line 423, in urlopen
  File "manage\urlutils.py", line 376, in urlopen
  File "manage\urlutils.py", line 175, in _winhttp_urlopen
OSError: [WinError 10106] The requested service provider could not be loaded or initialized.

Searching file:///C:/Program Files/WindowsApps/PythonSoftwareFoundation.PythonManager_26.3.240.0_x64__3847v3x7pw1km/bundled/fallback-index.json
>> Searching for Python matching 3
Selecting package with tag=3 and platform=-64
Fetching: file:///C:/Program Files/WindowsApps/PythonSoftwareFoundation.PythonManager_26.3.240.0_x64__3847v3x7pw1km/bundled/fallback-index.json
>  No signature to verify for file:///C:/Program Files/WindowsApps/PythonSoftwareFoundation.PythonManager_26.3.240.0_x64__3847v3x7pw1km/bundled/fallback-index.json
Finding ['3-64'] to install
>  Installing Python 3.14.6.
>> Tag: PythonCore\3.14-64
Starting download package file:///C:/Program Files/WindowsApps/PythonSoftwareFoundation.PythonManager_26.3.240.0_x64__3847v3x7pw1km/bundled/pythoncore-3.14-64-3.14.6.zip to C:\Users\ksade\Downloads\AAASEC2\day4\work\Python\_cache\pythoncore-3.14-64-3.14.6.zip
Starting hash validation of C:\Program Files\WindowsApps\PythonSoftwareFoundation.PythonManager_26.3.240.0_x64__3847v3x7pw1km\bundled\pythoncore-3.14-64-3.14.6.zip
Calculating hashes: sha256
sha256 digest: 75afa83f93b284d19040e24bc440ab741c09582c0d5310504d607a4e08c3dbaf (matched)
>> Using bundled file at C:\Program Files\WindowsApps\PythonSoftwareFoundation.PythonManager_26.3.240.0_x64__3847v3x7pw1km\bundled\pythoncore-3.14-64-3.14.6.zip
Starting hash validation of C:\Program Files\WindowsApps\PythonSoftwareFoundation.PythonManager_26.3.240.0_x64__3847v3x7pw1km\bundled\pythoncore-3.14-64-3.14.6.zip
Calculating hashes: sha256
sha256 digest: 75afa83f93b284d19040e24bc440ab741c09582c0d5310504d607a4e08c3dbaf (matched)
>> Extracting C:\Program Files\WindowsApps\PythonSoftwareFoundation.PythonManager_26.3.240.0_x64__3847v3x7pw1km\bundled\pythoncore-3.14-64-3.14.6.zip to C:\Users\ksade\Downloads\AAASEC2\day4\work\Python\pythoncore-3.14-64
Starting extract of C:\Program Files\WindowsApps\PythonSoftwareFoundation.PythonManager_26.3.240.0_x64__3847v3x7pw1km\bundled\pythoncore-3.14-64-3.14.6.zip to C:\Users\ksade\Downloads\AAASEC2\day4\work\Python\pythoncore-3.14-64
Updating from __install__.json in C:\Users\ksade\Downloads\AAASEC2\day4\work\Python\pythoncore-3.14-64
Write __install__.json to C:\Users\ksade\Downloads\AAASEC2\day4\work\Python\pythoncore-3.14-64
>> Install complete
Updating global shortcuts
Reading installs from C:\Users\ksade\Downloads\AAASEC2\day4\work\Python
Found 1 install
Calculating default install
Filtering installs by tag = 3
tag '3' matched 1 install
- 1 core install(s) by prefix
default_platform '-64' matched 1 install
Default install will be pythoncore-3.14-64
Calculating aliases for pythoncore-3.14-64
Found 1 entry_points.txt files in 1 dist-info in pythoncore-3.14-64\Lib\site-packages
Creating aliases
Create python3.14.exe for pythoncore-3.14-64\python.exe using C:\Program Files\WindowsApps\PythonSoftwareFoundation.PythonManager_26.3.240.0_x64__3847v3x7pw1km\templates\launcher-64.exe, chosen by platform tag
Searching C:\Users\ksade\Downloads\AAASEC2\day4\work\Python\bin for suitable launcher to link
No existing launcher available
Created python3.14.exe as copy of launcher-64.exe
Create python3.14-64.exe for pythoncore-3.14-64\python.exe using C:\Program Files\WindowsApps\PythonSoftwareFoundation.PythonManager_26.3.240.0_x64__3847v3x7pw1km\templates\launcher-64.exe, chosen by platform tag
Created python3.14-64.exe as hard link to python3.14.exe
Create python3.exe for pythoncore-3.14-64\python.exe using C:\Program Files\WindowsApps\PythonSoftwareFoundation.PythonManager_26.3.240.0_x64__3847v3x7pw1km\templates\launcher-64.exe, chosen by platform tag
Created python3.exe as hard link to python3.14.exe
Create python3-64.exe for pythoncore-3.14-64\python.exe using C:\Program Files\WindowsApps\PythonSoftwareFoundation.PythonManager_26.3.240.0_x64__3847v3x7pw1km\templates\launcher-64.exe, chosen by platform tag
Created python3-64.exe as hard link to python3.14.exe
Create pythonw3.14.exe for pythoncore-3.14-64\pythonw.exe using C:\Program Files\WindowsApps\PythonSoftwareFoundation.PythonManager_26.3.240.0_x64__3847v3x7pw1km\templates\launcherw-64.exe, chosen by platform tag
Searching C:\Users\ksade\Downloads\AAASEC2\day4\work\Python\bin for suitable launcher to link
No existing launcher available
Created pythonw3.14.exe as copy of launcherw-64.exe
Create pythonw3.14-64.exe for pythoncore-3.14-64\pythonw.exe using C:\Program Files\WindowsApps\PythonSoftwareFoundation.PythonManager_26.3.240.0_x64__3847v3x7pw1km\templates\launcherw-64.exe, chosen by platform tag
Created pythonw3.14-64.exe as hard link to pythonw3.14.exe
Create pythonw3.exe for pythoncore-3.14-64\pythonw.exe using C:\Program Files\WindowsApps\PythonSoftwareFoundation.PythonManager_26.3.240.0_x64__3847v3x7pw1km\templates\launcherw-64.exe, chosen by platform tag
Created pythonw3.exe as hard link to pythonw3.14.exe
Create pythonw3-64.exe for pythoncore-3.14-64\pythonw.exe using C:\Program Files\WindowsApps\PythonSoftwareFoundation.PythonManager_26.3.240.0_x64__3847v3x7pw1km\templates\launcherw-64.exe, chosen by platform tag
Created pythonw3-64.exe as hard link to pythonw3.14.exe
Create python for pythoncore-3.14-64\python.exe using C:\Program Files\WindowsApps\PythonSoftwareFoundation.PythonManager_26.3.240.0_x64__3847v3x7pw1km\templates\launcher-64.exe, chosen by platform tag
Created python.exe as hard link to python3.14.exe
Create pythonw for pythoncore-3.14-64\pythonw.exe using C:\Program Files\WindowsApps\PythonSoftwareFoundation.PythonManager_26.3.240.0_x64__3847v3x7pw1km\templates\launcherw-64.exe, chosen by platform tag
Created pythonw.exe as hard link to pythonw3.14.exe
Create pip for pythoncore-3.14-64\python.exe using C:\Program Files\WindowsApps\PythonSoftwareFoundation.PythonManager_26.3.240.0_x64__3847v3x7pw1km\templates\launcher-64.exe, chosen by platform tag
Created pip.exe as hard link to python3.14.exe
Create pip3 for pythoncore-3.14-64\python.exe using C:\Program Files\WindowsApps\PythonSoftwareFoundation.PythonManager_26.3.240.0_x64__3847v3x7pw1km\templates\launcher-64.exe, chosen by platform tag
Created pip3.exe as hard link to python3.14.exe
Cleaning up aliases
Retaining 12 aliases
Creating/updating HKEY_CURRENT_USER\Software\Python\PythonCore\3.14
Creating shortcut Python 3.14.lnk to C:\Users\ksade\Downloads\AAASEC2\day4\work\Python\pythoncore-3.14-64\python.exe
Creating shortcut Python 3.14 Online Documentation.lnk to https://docs.python.org/3.14/
Creating shortcut IDLE (Python 3.14).lnk to C:\Users\ksade\Downloads\AAASEC2\day4\work\Python\pythoncore-3.14-64\pythonw.exe
Creating shortcut PyDoc (Python 3.14).lnk to C:\Users\ksade\Downloads\AAASEC2\day4\work\Python\pythoncore-3.14-64\python.exe
Creating shortcut Python 3.14 Manuals.lnk to C:\Users\ksade\Downloads\AAASEC2\day4\work\Python\pythoncore-3.14-64\Doc\html\index.html
Creating ARP entry for pymanager-pythoncore-3.14-64
Searching ~\AppData\Local\Microsoft\WindowsApps for pymanager.exe for ARP entries
Cleaning up registry entries
Skipping HKEY_CURRENT_USER\Software\Python\PythonCore\3.14
Cleaning up Start menu shortcuts
Except: Python 3.14\Python 3.14
Except: Python 3.14\Python 3.14 Online Documentation
Except: Python 3.14\Python 3.14 Manuals
Except: Python 3.14
Except: Python 3.14\IDLE (Python 3.14)
Except: Python 3.14\PyDoc (Python 3.14)
>  To see all available commands, run 'py help'
>  ********************************************************************************
END install_command.execute
